// Jest Snapshot v1, https://goo.gl/fbAQLP

exports[`jokes_reducer tests should bring default state 1`] = `
Object {
  "categories": Array [],
}
`;
